[    0.000000] Initializing cgroup subsys cpu
[    0.000000] Initializing cgroup subsys cpuacct
[    0.000000] Linux version 3.18.7-v7+ (dc4@dc4-XPS13-9333) (gcc version 4.8.3 20140303 (prerelease) (crosstool-NG linaro-1.13.1+bzr2650 - Linaro GCC 2014.03) ) #755 SMP PREEMPT Thu Feb 12 17:20:48 GMT 2015
[    0.000000] CPU: ARMv7 Processor [410fc075] revision 5 (ARMv7), cr=10c5387d
[    0.000000] CPU: PIPT / VIPT nonaliasing data cache, VIPT aliasing instruction cache
[    0.000000] Machine model: Raspberry Pi 2 Model B
[    0.000000] cma: Reserved 8 MiB at 0x3a800000
[    0.000000] Memory policy: Data cache writealloc
[    0.000000] On node 0 totalpages: 241664
[    0.000000] free_area_init_node: node 0, pgdat 80820480, node_mem_map ba093000
[    0.000000]   Normal zone: 1888 pages used for memmap
[    0.000000]   Normal zone: 0 pages reserved
[    0.000000]   Normal zone: 241664 pages, LIFO batch:31
[    0.000000] [bcm2709_smp_init_cpus] enter (8620->f3003010)
[    0.000000] [bcm2709_smp_init_cpus] ncores=4
[    0.000000] PERCPU: Embedded 11 pages/cpu @ba05d000 s12864 r8192 d24000 u45056
[    0.000000] pcpu-alloc: s12864 r8192 d24000 u45056 alloc=11*4096
[    0.000000] pcpu-alloc: [0] 0 [0] 1 [0] 2 [0] 3 
[    0.000000] Built 1 zonelists in Zone order, mobility grouping on.  Total pages: 239776
[    0.000000] Kernel command line: dma.dmachans=0x7f35 bcm2708_fb.fbwidth=800 bcm2708_fb.fbheight=480 bcm2709.boardrev=0xa21041 bcm2709.serial=0xc1e6ae52 smsc95xx.macaddr=B8:27:EB:E6:AE:52 bcm2708_fb.fbswap=1 bcm2709.disk_led_gpio=47 bcm2709.disk_led_active_low=0 sdhci-bcm2708.emmc_clock_freq=250000000 vc_mem.mem_base=0x3dc00000 vc_mem.mem_size=0x3f000000  dwc_otg.lpm_enable=0 console=tty1 root=/dev/mmcblk0p2 rootfstype=ext4 elevator=deadline rootwait
[    0.000000] PID hash table entries: 4096 (order: 2, 16384 bytes)
[    0.000000] Dentry cache hash table entries: 131072 (order: 7, 524288 bytes)
[    0.000000] Inode-cache hash table entries: 65536 (order: 6, 262144 bytes)
[    0.000000] Memory: 940740K/966656K available (5785K kernel code, 377K rwdata, 1760K rodata, 396K init, 771K bss, 25916K reserved)
[    0.000000] Virtual kernel memory layout:
    vector  : 0xffff0000 - 0xffff1000   (   4 kB)
    fixmap  : 0xffc00000 - 0xffe00000   (2048 kB)
    vmalloc : 0xbb800000 - 0xff000000   (1080 MB)
    lowmem  : 0x80000000 - 0xbb000000   ( 944 MB)
    modules : 0x7f000000 - 0x80000000   (  16 MB)
      .text : 0x80008000 - 0x80766748   (7546 kB)
      .init : 0x80767000 - 0x807ca000   ( 396 kB)
      .data : 0x807ca000 - 0x808287ec   ( 378 kB)
       .bss : 0x808287ec - 0x808e96d4   ( 772 kB)
[    0.000000] SLUB: HWalign=64, Order=0-3, MinObjects=0, CPUs=4, Nodes=1
[    0.000000] Preemptible hierarchical RCU implementation.
[    0.000000] NR_IRQS:480
[    0.000000] Architected cp15 timer(s) running at 19.20MHz (virt).
[    0.000015] sched_clock: 56 bits at 19MHz, resolution 52ns, wraps every 3579139424256ns
[    0.000037] Switching to timer-based delay loop, resolution 52ns
[    0.000332] Console: colour dummy device 80x30
[    0.001750] console [tty1] enabled
[    0.001801] Calibrating delay loop (skipped), value calculated using timer frequency.. 38.40 BogoMIPS (lpj=192000)
[    0.001885] pid_max: default: 32768 minimum: 301
[    0.002299] Mount-cache hash table entries: 2048 (order: 1, 8192 bytes)
[    0.002359] Mountpoint-cache hash table entries: 2048 (order: 1, 8192 bytes)
[    0.003638] Initializing cgroup subsys memory
[    0.003727] Initializing cgroup subsys devices
[    0.003784] Initializing cgroup subsys freezer
[    0.003835] Initializing cgroup subsys net_cls
[    0.003899] Initializing cgroup subsys blkio
[    0.004013] CPU: Testing write buffer coherency: ok
[    0.004126] ftrace: allocating 19969 entries in 59 pages
[    0.053575] CPU0: update cpu_capacity 1024
[    0.053654] CPU0: thread -1, cpu 0, socket 15, mpidr 80000f00
[    0.053691] [bcm2709_smp_prepare_cpus] enter
[    0.053860] Setting up static identity map for 0x536c78 - 0x536cd0
[    0.113532] [bcm2709_boot_secondary] cpu:1 started (0) 18
[    0.113837] CPU1: Booted secondary processor
[    0.113845] [bcm2709_secondary_init] enter cpu:1
[    0.113898] CPU1: update cpu_capacity 1024
[    0.113907] CPU1: thread -1, cpu 1, socket 15, mpidr 80000f01
[    0.133501] [bcm2709_boot_secondary] cpu:2 started (0) 18
[    0.133754] CPU2: Booted secondary processor
[    0.133761] [bcm2709_secondary_init] enter cpu:2
[    0.133791] CPU2: update cpu_capacity 1024
[    0.133801] CPU2: thread -1, cpu 2, socket 15, mpidr 80000f02
[    0.153557] [bcm2709_boot_secondary] cpu:3 started (0) 17
[    0.153800] CPU3: Booted secondary processor
[    0.153807] [bcm2709_secondary_init] enter cpu:3
[    0.153839] CPU3: update cpu_capacity 1024
[    0.153848] CPU3: thread -1, cpu 3, socket 15, mpidr 80000f03
[    0.153943] Brought up 4 CPUs
[    0.154063] SMP: Total of 4 processors activated (153.60 BogoMIPS).
[    0.154096] CPU: All CPU(s) started in SVC mode.
[    0.155131] devtmpfs: initialized
[    0.178276] VFP support v0.3: implementor 41 architecture 2 part 30 variant 7 rev 5
[    0.180457] pinctrl core: initialized pinctrl subsystem
[    0.183509] NET: Registered protocol family 16
[    0.189097] DMA: preallocated 4096 KiB pool for atomic coherent allocations
[    0.213346] cpuidle: using governor ladder
[    0.243377] cpuidle: using governor menu
[    0.243751] bcm2709.uart_clock = 3000000
[    0.246534] No ATAGs?
[    0.246599] hw-breakpoint: found 5 (+1 reserved) breakpoint and 4 watchpoint registers.
[    0.246653] hw-breakpoint: maximum watchpoint size is 8 bytes.
[    0.246716] mailbox: Broadcom VideoCore Mailbox driver
[    0.246844] bcm2708_vcio: mailbox at f300b880
[    0.247220] bcm_power: Broadcom power driver
[    0.247257] bcm_power_open() -> 0
[    0.247283] bcm_power_request(0, 8)
[    0.747985] bcm_mailbox_read -> 00000080, 0
[    0.748017] bcm_power_request -> 0
[    0.748172] Serial: AMBA PL011 UART driver
[    0.748325] dev:f1: ttyAMA0 at MMIO 0x3f201000 (irq = 83, base_baud = 0) is a PL011 rev3
[    0.816157] SCSI subsystem initialized
[    0.816422] usbcore: registered new interface driver usbfs
[    0.816574] usbcore: registered new interface driver hub
[    0.816740] usbcore: registered new device driver usb
[    0.818599] Switched to clocksource arch_sys_counter
[    0.848556] FS-Cache: Loaded
[    0.848981] CacheFiles: Loaded
[    0.861170] NET: Registered protocol family 2
[    0.862593] TCP established hash table entries: 8192 (order: 3, 32768 bytes)
[    0.862784] TCP bind hash table entries: 8192 (order: 4, 65536 bytes)
[    0.863016] TCP: Hash tables configured (established 8192 bind 8192)
[    0.863152] TCP: reno registered
[    0.863189] UDP hash table entries: 512 (order: 2, 16384 bytes)
[    0.863275] UDP-Lite hash table entries: 512 (order: 2, 16384 bytes)
[    0.863678] NET: Registered protocol family 1
[    0.864234] RPC: Registered named UNIX socket transport module.
[    0.864277] RPC: Registered udp transport module.
[    0.864306] RPC: Registered tcp transport module.
[    0.864335] RPC: Registered tcp NFSv4.1 backchannel transport module.
[    0.865386] bcm2708_dma: DMA manager at f3007000
[    0.865591] vc-mem: phys_addr:0x00000000 mem_base=0x3dc00000 mem_size:0x3f000000(1008 MiB)
[    0.867308] futex hash table entries: 1024 (order: 4, 65536 bytes)
[    0.867566] audit: initializing netlink subsys (disabled)
[    0.867654] audit: type=2000 audit(0.839:1): initialized
[    0.884176] VFS: Disk quotas dquot_6.5.2
[    0.884569] Dquot-cache hash table entries: 1024 (order 0, 4096 bytes)
[    0.887665] FS-Cache: Netfs 'nfs' registered for caching
[    0.888855] NFS: Registering the id_resolver key type
[    0.888951] Key type id_resolver registered
[    0.888981] Key type id_legacy registered
[    0.890091] msgmni has been set to 1853
[    0.891897] Block layer SCSI generic (bsg) driver version 0.4 loaded (major 252)
[    0.892133] io scheduler noop registered
[    0.892179] io scheduler deadline registered (default)
[    0.892538] io scheduler cfq registered
[    0.895194] BCM2708FB: allocated DMA memory fac00000
[    0.895263] BCM2708FB: allocated DMA channel 0 @ f3007000
[    0.903463] Console: switching to colour frame buffer device 100x30
[    0.910925] bcm2708-dmaengine bcm2708-dmaengine: Load BCM2835 DMA engine driver
[    0.913203] uart-pl011 dev:f1: no DMA platform data
[    0.915700] vc-cma: Videocore CMA driver
[    0.917689] vc-cma: vc_cma_base      = 0x00000000
[    0.919680] vc-cma: vc_cma_size      = 0x00000000 (0 MiB)
[    0.921585] vc-cma: vc_cma_initial   = 0x00000000 (0 MiB)
[    0.935469] brd: module loaded
[    0.943334] loop: module loaded
[    0.945399] vchiq: vchiq_init_state: slot_zero = 0xba800000, is_master = 0
[    0.947970] Loading iSCSI transport class v2.0-870.
[    0.950842] usbcore: registered new interface driver smsc95xx
[    0.952717] dwc_otg: version 3.00a 10-AUG-2012 (platform bus)
[    1.154866] Core Release: 2.80a
[    1.156637] Setting default values for core params
[    1.158450] Finished setting default values for core params
[    1.360717] Using Buffer DMA mode
[    1.362545] Periodic Transfer Interrupt Enhancement - disabled
[    1.364383] Multiprocessor Interrupt Enhancement - disabled
[    1.366182] OTG VER PARAM: 0, OTG VER FLAG: 0
[    1.367976] Dedicated Tx FIFOs mode
[    1.370151] WARN::dwc_otg_hcd_init:1047: FIQ DMA bounce buffers: virt = 0xbac14000 dma = 0xfac14000 len=9024
[    1.374010] FIQ FSM acceleration enabled for :
Non-periodic Split Transactions
Periodic Split Transactions
High-Speed Isochronous Endpoints
[    1.381643] dwc_otg: Microframe scheduler enabled
[    1.381720] WARN::hcd_init_fiq:412: FIQ on core 1 at 0x803e4200
[    1.383625] WARN::hcd_init_fiq:413: FIQ ASM at 0x803e455c length 36
[    1.385526] WARN::hcd_init_fiq:438: MPHI regs_base at 0xbb806000
[    1.387458] dwc_otg bcm2708_usb: DWC OTG Controller
[    1.389506] dwc_otg bcm2708_usb: new USB bus registered, assigned bus number 1
[    1.391549] dwc_otg bcm2708_usb: irq 32, io mem 0x00000000
[    1.393597] Init: Port Power? op_state=1
[    1.395548] Init: Power Port (0)
[    1.397730] usb usb1: New USB device found, idVendor=1d6b, idProduct=0002
[    1.399737] usb usb1: New USB device strings: Mfr=3, Product=2, SerialNumber=1
[    1.401703] usb usb1: Product: DWC OTG Controller
[    1.403628] usb usb1: Manufacturer: Linux 3.18.7-v7+ dwc_otg_hcd
[    1.405579] usb usb1: SerialNumber: bcm2708_usb
[    1.408481] hub 1-0:1.0: USB hub found
[    1.410472] hub 1-0:1.0: 1 port detected
[    1.412855] dwc_otg: FIQ enabled
[    1.412869] dwc_otg: NAK holdoff enabled
[    1.412880] dwc_otg: FIQ split-transaction FSM enabled
[    1.412919] Module dwc_common_port init
[    1.413311] usbcore: registered new interface driver usb-storage
[    1.415480] mousedev: PS/2 mouse device common for all mice
[    1.418037] bcm2835-cpufreq: min=600000 max=900000
[    1.420304] sdhci: Secure Digital Host Controller Interface driver
[    1.422174] sdhci: Copyright(c) Pierre Ossman
[    1.424133] DMA channels allocated for the MMC driver
[    1.458636] Load BCM2835 MMC driver
[    1.462377] sdhci-pltfm: SDHCI platform and OF driver helper
[    1.468868] ledtrig-cpu: registered to indicate activity on CPUs
[    1.470939] hidraw: raw HID events driver (C) Jiri Kosina
[    1.473072] usbcore: registered new interface driver usbhid
[    1.474963] usbhid: USB HID core driver
[    1.477186] TCP: cubic registered
[    1.479062] Initializing XFRM netlink socket
[    1.480925] NET: Registered protocol family 17
[    1.482904] Key type dns_resolver registered
[    1.485084] Registering SWP/SWPB emulation handler
[    1.487831] registered taskstats version 1
[    1.490009] vc-sm: Videocore shared memory driver
[    1.491810] [vc_sm_connected_init]: start
[    1.494282] [vc_sm_connected_init]: end - returning 0
[    1.497189] Waiting for root device /dev/mmcblk0p2...
[    1.506502] mmc0: host does not support reading read-only switch, assuming write-enable
[    1.510502] mmc0: new high speed SDHC card at address 59b4
[    1.513000] mmcblk0: mmc0:59b4 USDU1 14.7 GiB 
[    1.516116]  mmcblk0: p1 p2
[    1.608750] Indeed it is in host mode hprt0 = 00021501
[    1.645256] EXT4-fs (mmcblk0p2): mounted filesystem with ordered data mode. Opts: (null)
[    1.647235] VFS: Mounted root (ext4 filesystem) readonly on device 179:2.
[    1.658789] devtmpfs: mounted
[    1.661348] Freeing unused kernel memory: 396K (80767000 - 807ca000)
[    1.798750] usb 1-1: new high-speed USB device number 2 using dwc_otg
[    1.801019] Indeed it is in host mode hprt0 = 00001101
[    1.999024] usb 1-1: New USB device found, idVendor=0424, idProduct=9514
[    2.001157] usb 1-1: New USB device strings: Mfr=0, Product=0, SerialNumber=0
[    2.004308] hub 1-1:1.0: USB hub found
[    2.006468] hub 1-1:1.0: 5 ports detected
[    2.061665] random: init urandom read with 51 bits of entropy available
[    2.293121] usb 1-1.1: new high-speed USB device number 3 using dwc_otg
[    2.306058] init: plymouth-upstart-bridge main process (62) terminated with status 1
[    2.308576] init: plymouth-upstart-bridge main process ended, respawning
[    2.316176] init: ureadahead main process (64) terminated with status 5
[    2.409105] usb 1-1.1: New USB device found, idVendor=0424, idProduct=ec00
[    2.411356] usb 1-1.1: New USB device strings: Mfr=0, Product=0, SerialNumber=0
[    2.416615] smsc95xx v1.0.4
[    2.484510] smsc95xx 1-1.1:1.0 eth0: register 'smsc95xx' at usb-bcm2708_usb-1.1, smsc95xx USB 2.0 Ethernet, b8:27:eb:e6:ae:52
[    2.579001] usb 1-1.3: new full-speed USB device number 4 using dwc_otg
[    2.706128] usb 1-1.3: New USB device found, idVendor=0403, idProduct=6001
[    2.709032] usb 1-1.3: New USB device strings: Mfr=1, Product=2, SerialNumber=3
[    2.711693] usb 1-1.3: Product: FT232R USB UART
[    2.714515] usb 1-1.3: Manufacturer: FTDI
[    2.717130] usb 1-1.3: SerialNumber: A601NSP5
[    2.818979] usb 1-1.5: new full-speed USB device number 5 using dwc_otg
[    2.924185] usb 1-1.5: New USB device found, idVendor=09da, idProduct=054f
[    2.926706] usb 1-1.5: New USB device strings: Mfr=1, Product=2, SerialNumber=0
[    2.929209] usb 1-1.5: Product: USB Device
[    2.931559] usb 1-1.5: Manufacturer: A4TECH
[    2.944674] input: A4TECH USB Device as /devices/platform/bcm2708_usb/usb1/1-1/1-1.5/1-1.5:1.0/0003:09DA:054F.0001/input/input0
[    2.950365] hid-generic 0003:09DA:054F.0001: input,hiddev0,hidraw0: USB HID v1.11 Keyboard [A4TECH USB Device] on usb-bcm2708_usb-1.5/input0
[    2.960904] input: A4TECH USB Device as /devices/platform/bcm2708_usb/usb1/1-1/1-1.5/1-1.5:1.1/0003:09DA:054F.0002/input/input1
[    2.966474] hid-generic 0003:09DA:054F.0002: input,hidraw1: USB HID v1.11 Mouse [A4TECH USB Device] on usb-bcm2708_usb-1.5/input1
[    3.274864] systemd-udevd[183]: starting version 208
[    3.537747] fuse init (API version 7.23)
[    3.743226] random: nonblocking pool is initialized
[    4.476929] EXT4-fs (mmcblk0p2): re-mounted. Opts: (null)
[    5.430147] usbcore: registered new interface driver usbserial
[    5.430307] usbcore: registered new interface driver usbserial_generic
[    5.430457] usbserial: USB Serial support registered for generic
[    5.446393] usbcore: registered new interface driver ftdi_sio
[    5.447403] usbserial: USB Serial support registered for FTDI USB Serial Device
[    5.447775] ftdi_sio 1-1.3:1.0: FTDI USB Serial Device converter detected
[    5.450599] usb 1-1.3: Detected FT232RL
[    5.462719] usb 1-1.3: FTDI USB Serial Device converter now attached to ttyUSB0
[    5.518978] usb 1-1.2: new high-speed USB device number 6 using dwc_otg
[    5.630118] usb 1-1.2: New USB device found, idVendor=12d1, idProduct=1506
[    5.630154] usb 1-1.2: New USB device strings: Mfr=3, Product=2, SerialNumber=0
[    5.630171] usb 1-1.2: Product: HUAWEI Mobile
[    5.630188] usb 1-1.2: Manufacturer: Huawei Technologies
[    5.641548] init: Error while reading from descriptor: Broken pipe
[    5.674297] init: failsafe main process (393) killed by TERM signal
[    5.727054] usbcore: registered new interface driver option
[    5.727243] usbserial: USB Serial support registered for GSM modem (1-port)
[    5.727934] option 1-1.2:1.0: GSM modem (1-port) converter detected
[    5.729373] usb 1-1.2: GSM modem (1-port) converter now attached to ttyUSB1
[    5.729546] option 1-1.2:1.1: GSM modem (1-port) converter detected
[    5.730149] usb 1-1.2: GSM modem (1-port) converter now attached to ttyUSB2
[    5.730289] option 1-1.2:1.2: GSM modem (1-port) converter detected
[    5.731095] usb 1-1.2: GSM modem (1-port) converter now attached to ttyUSB3
[    5.861495] NET: Registered protocol family 10
[    6.993540] smsc95xx 1-1.1:1.0 eth0: hardware isn't capable of remote wakeup
[    6.994193] IPv6: ADDRCONF(NETDEV_UP): eth0: link is not ready
[    8.138900] init: plymouth-upstart-bridge main process ended, respawning
[    8.140883] init: plymouth main process (79) killed by USR2 signal
[    8.150673] init: plymouth-stop pre-start process (705) terminated with status 2
[   10.055221] init: auto-serial-console main process ended, respawning
[   10.089470] init: plymouth-stop pre-start process (953) terminated with status 1
[   10.138465] init: auto-serial-console main process ended, respawning
[   10.179831] init: auto-serial-console main process ended, respawning
[   10.216232] init: auto-serial-console main process ended, respawning
[   10.243718] init: auto-serial-console main process ended, respawning
[   10.264074] init: auto-serial-console main process ended, respawning
[   10.299529] init: auto-serial-console main process ended, respawning
[   10.325653] init: auto-serial-console main process ended, respawning
[   10.363227] init: auto-serial-console main process ended, respawning
[   10.385188] init: tty1 main process (954) killed by TERM signal
[   10.408884] init: auto-serial-console main process ended, respawning
[   10.438957] init: auto-serial-console respawning too fast, stopped
[   10.869290] systemd-logind[1104]: New seat seat0.
[   10.894119] systemd-logind[1104]: Failed to start unit user@0.service: Unknown unit: user@0.service
[   10.894163] systemd-logind[1104]: Failed to start user service: Unknown unit: user@0.service
[   10.912106] systemd-logind[1104]: New session c1 of user root.
[  132.829272] PPP generic driver version 2.4.2
[  138.787310] PPP BSD Compression module registered
[  138.802848] PPP Deflate Compression module registered